Archive member included to satisfy reference by file (symbol)

./libopencm3/lib/libopencm3_stm32f1.a(gpio.o)
                              i2c.o (gpio_set_mode)
./libopencm3/lib/libopencm3_stm32f1.a(rcc.o)
                              i2c_driver.o (rcc_clock_setup_in_hse_25mhz_out_72mhz)
./libopencm3/lib/libopencm3_stm32f1.a(gpio_common_all.o)
                              i2c.o (gpio_set)
./libopencm3/lib/libopencm3_stm32f1.a(i2c_common_all.o)
                              i2c.o (i2c_peripheral_enable)
./libopencm3/lib/libopencm3_stm32f1.a(rcc_common_all.o)
                              i2c.o (rcc_periph_clock_enable)
./libopencm3/lib/libopencm3_stm32f1.a(flash_common_f01.o)
                              ./libopencm3/lib/libopencm3_stm32f1.a(rcc.o) (flash_set_ws)
./libopencm3/lib/libopencm3_stm32f1.a(vector.o)
                              (reset_handler)
./libopencm3/lib/libopencm3_stm32f1.a(nvic.o)
                              i2c.o (nvic_enable_irq)
./libopencm3/lib/libopencm3_stm32f1.a(assert.o)
                              ./libopencm3/lib/libopencm3_stm32f1.a(rcc.o) (cm3_assert_failed)
./libopencm3/lib/libopencm3_stm32f1.a(flash.o)
                              ./libopencm3/lib/libopencm3_stm32f1.a(flash_common_f01.o) (flash_get_status_flags)

Discarded input sections

 .text          0x0000000000000000        0x0 i2c.o
 .data          0x0000000000000000        0x0 i2c.o
 .bss           0x0000000000000000        0x0 i2c.o
 .text.i2c1_read
                0x0000000000000000       0x28 i2c.o
 .text          0x0000000000000000        0x0 i2c_driver.o
 .data          0x0000000000000000        0x0 i2c_driver.o
 .bss           0x0000000000000000        0x0 i2c_driver.o
 .group         0x0000000000000000        0x8 ./libopencm3/lib/libopencm3_stm32f1.a(gpio.o)
 .group         0x0000000000000000        0x8 ./libopencm3/lib/libopencm3_stm32f1.a(gpio.o)
 .group         0x0000000000000000        0x8 ./libopencm3/lib/libopencm3_stm32f1.a(gpio.o)
 .group         0x0000000000000000        0x8 ./libopencm3/lib/libopencm3_stm32f1.a(gpio.o)
 .group         0x0000000000000000        0x8 ./libopencm3/lib/libopencm3_stm32f1.a(gpio.o)
 .group         0x0000000000000000        0x8 ./libopencm3/lib/libopencm3_stm32f1.a(gpio.o)
 .group         0x0000000000000000        0x8 ./libopencm3/lib/libopencm3_stm32f1.a(gpio.o)
 .group         0x0000000000000000        0x8 ./libopencm3/lib/libopencm3_stm32f1.a(gpio.o)
 .group         0x0000000000000000        0x8 ./libopencm3/lib/libopencm3_stm32f1.a(gpio.o)
 .group         0x0000000000000000        0x8 ./libopencm3/lib/libopencm3_stm32f1.a(gpio.o)
 .group         0x0000000000000000        0x8 ./libopencm3/lib/libopencm3_stm32f1.a(gpio.o)
 .group         0x0000000000000000        0x8 ./libopencm3/lib/libopencm3_stm32f1.a(gpio.o)
 .text          0x0000000000000000        0x0 ./libopencm3/lib/libopencm3_stm32f1.a(gpio.o)
 .data          0x0000000000000000        0x0 ./libopencm3/lib/libopencm3_stm32f1.a(gpio.o)
 .bss           0x0000000000000000        0x0 ./libopencm3/lib/libopencm3_stm32f1.a(gpio.o)
 .text.gpio_set_eventout
                0x0000000000000000       0x10 ./libopencm3/lib/libopencm3_stm32f1.a(gpio.o)
 .text.gpio_primary_remap
                0x0000000000000000       0x14 ./libopencm3/lib/libopencm3_stm32f1.a(gpio.o)
 .text.gpio_secondary_remap
                0x0000000000000000       0x10 ./libopencm3/lib/libopencm3_stm32f1.a(gpio.o)
 .group         0x0000000000000000        0x8 ./libopencm3/lib/libopencm3_stm32f1.a(rcc.o)
 .group         0x0000000000000000        0x8 ./libopencm3/lib/libopencm3_stm32f1.a(rcc.o)
 .group         0x0000000000000000        0x8 ./libopencm3/lib/libopencm3_stm32f1.a(rcc.o)
 .group         0x0000000000000000        0x8 ./libopencm3/lib/libopencm3_stm32f1.a(rcc.o)
 .group         0x0000000000000000        0x8 ./libopencm3/lib/libopencm3_stm32f1.a(rcc.o)
 .group         0x0000000000000000        0x8 ./libopencm3/lib/libopencm3_stm32f1.a(rcc.o)
 .group         0x0000000000000000        0x8 ./libopencm3/lib/libopencm3_stm32f1.a(rcc.o)
 .group         0x0000000000000000        0x8 ./libopencm3/lib/libopencm3_stm32f1.a(rcc.o)
 .group         0x0000000000000000        0x8 ./libopencm3/lib/libopencm3_stm32f1.a(rcc.o)
 .group         0x0000000000000000        0x8 ./libopencm3/lib/libopencm3_stm32f1.a(rcc.o)
 .group         0x0000000000000000        0x8 ./libopencm3/lib/libopencm3_stm32f1.a(rcc.o)
 .group         0x0000000000000000        0x8 ./libopencm3/lib/libopencm3_stm32f1.a(rcc.o)
 .group         0x0000000000000000        0x8 ./libopencm3/lib/libopencm3_stm32f1.a(rcc.o)
 .group         0x0000000000000000        0x8 ./libopencm3/lib/libopencm3_stm32f1.a(rcc.o)
 .text          0x0000000000000000        0x0 ./libopencm3/lib/libopencm3_stm32f1.a(rcc.o)
 .data          0x0000000000000000        0x0 ./libopencm3/lib/libopencm3_stm32f1.a(rcc.o)
 .bss           0x0000000000000000        0x0 ./libopencm3/lib/libopencm3_stm32f1.a(rcc.o)
 .text.rcc_osc_ready_int_clear
                0x0000000000000000       0x5c ./libopencm3/lib/libopencm3_stm32f1.a(rcc.o)
 .text.rcc_osc_ready_int_enable
                0x0000000000000000       0x5c ./libopencm3/lib/libopencm3_stm32f1.a(rcc.o)
 .text.rcc_osc_ready_int_disable
                0x0000000000000000       0x5c ./libopencm3/lib/libopencm3_stm32f1.a(rcc.o)
 .text.rcc_osc_ready_int_flag
                0x0000000000000000       0x54 ./libopencm3/lib/libopencm3_stm32f1.a(rcc.o)
 .text.rcc_css_int_clear
                0x0000000000000000       0x10 ./libopencm3/lib/libopencm3_stm32f1.a(rcc.o)
 .text.rcc_css_int_flag
                0x0000000000000000       0x10 ./libopencm3/lib/libopencm3_stm32f1.a(rcc.o)
 .text.rcc_osc_off
                0x0000000000000000       0x58 ./libopencm3/lib/libopencm3_stm32f1.a(rcc.o)
 .text.rcc_css_enable
                0x0000000000000000       0x10 ./libopencm3/lib/libopencm3_stm32f1.a(rcc.o)
 .text.rcc_css_disable
                0x0000000000000000       0x10 ./libopencm3/lib/libopencm3_stm32f1.a(rcc.o)
 .text.rcc_osc_bypass_enable
                0x0000000000000000       0x28 ./libopencm3/lib/libopencm3_stm32f1.a(rcc.o)
 .text.rcc_osc_bypass_disable
                0x0000000000000000       0x28 ./libopencm3/lib/libopencm3_stm32f1.a(rcc.o)
 .text.rcc_set_pll3_multiplication_factor
                0x0000000000000000       0x14 ./libopencm3/lib/libopencm3_stm32f1.a(rcc.o)
 .text.rcc_rtc_clock_enabled_flag
                0x0000000000000000       0x10 ./libopencm3/lib/libopencm3_stm32f1.a(rcc.o)
 .text.rcc_enable_rtc_clock
                0x0000000000000000       0x10 ./libopencm3/lib/libopencm3_stm32f1.a(rcc.o)
 .text.rcc_set_rtc_clock_source
                0x0000000000000000       0x90 ./libopencm3/lib/libopencm3_stm32f1.a(rcc.o)
 .text.rcc_set_prediv1_source
                0x0000000000000000       0x18 ./libopencm3/lib/libopencm3_stm32f1.a(rcc.o)
 .text.rcc_system_clock_source
                0x0000000000000000       0x10 ./libopencm3/lib/libopencm3_stm32f1.a(rcc.o)
 .text.rcc_clock_setup_in_hsi_out_64mhz
                0x0000000000000000       0x74 ./libopencm3/lib/libopencm3_stm32f1.a(rcc.o)
 .text.rcc_clock_setup_in_hsi_out_48mhz
                0x0000000000000000       0x84 ./libopencm3/lib/libopencm3_stm32f1.a(rcc.o)
 .text.rcc_clock_setup_in_hsi_out_24mhz
                0x0000000000000000       0x70 ./libopencm3/lib/libopencm3_stm32f1.a(rcc.o)
 .text.rcc_clock_setup_in_hse_8mhz_out_24mhz
                0x0000000000000000       0x88 ./libopencm3/lib/libopencm3_stm32f1.a(rcc.o)
 .text.rcc_clock_setup_in_hse_8mhz_out_72mhz
                0x0000000000000000       0x8c ./libopencm3/lib/libopencm3_stm32f1.a(rcc.o)
 .text.rcc_clock_setup_in_hse_12mhz_out_72mhz
                0x0000000000000000       0x8c ./libopencm3/lib/libopencm3_stm32f1.a(rcc.o)
 .text.rcc_clock_setup_in_hse_16mhz_out_72mhz
                0x0000000000000000       0x8c ./libopencm3/lib/libopencm3_stm32f1.a(rcc.o)
 .text.rcc_backupdomain_reset
                0x0000000000000000       0x18 ./libopencm3/lib/libopencm3_stm32f1.a(rcc.o)
 .debug_macro   0x0000000000000000      0x862 ./libopencm3/lib/libopencm3_stm32f1.a(rcc.o)
 .debug_macro   0x0000000000000000       0x22 ./libopencm3/lib/libopencm3_stm32f1.a(rcc.o)
 .debug_macro   0x0000000000000000       0x44 ./libopencm3/lib/libopencm3_stm32f1.a(rcc.o)
 .debug_macro   0x0000000000000000       0xe3 ./libopencm3/lib/libopencm3_stm32f1.a(rcc.o)
 .debug_macro   0x0000000000000000       0x22 ./libopencm3/lib/libopencm3_stm32f1.a(rcc.o)
 .debug_macro   0x0000000000000000      0x1df ./libopencm3/lib/libopencm3_stm32f1.a(rcc.o)
 .debug_macro   0x0000000000000000       0x22 ./libopencm3/lib/libopencm3_stm32f1.a(rcc.o)
 .debug_macro   0x0000000000000000       0xfa ./libopencm3/lib/libopencm3_stm32f1.a(rcc.o)
 .debug_macro   0x0000000000000000       0x58 ./libopencm3/lib/libopencm3_stm32f1.a(rcc.o)
 .debug_macro   0x0000000000000000      0x1b4 ./libopencm3/lib/libopencm3_stm32f1.a(rcc.o)
 .group         0x0000000000000000        0x8 ./libopencm3/lib/libopencm3_stm32f1.a(gpio_common_all.o)
 .group         0x0000000000000000        0x8 ./libopencm3/lib/libopencm3_stm32f1.a(gpio_common_all.o)
 .group         0x0000000000000000        0x8 ./libopencm3/lib/libopencm3_stm32f1.a(gpio_common_all.o)
 .group         0x0000000000000000        0x8 ./libopencm3/lib/libopencm3_stm32f1.a(gpio_common_all.o)
 .group         0x0000000000000000        0x8 ./libopencm3/lib/libopencm3_stm32f1.a(gpio_common_all.o)
 .group         0x0000000000000000        0x8 ./libopencm3/lib/libopencm3_stm32f1.a(gpio_common_all.o)
 .group         0x0000000000000000        0x8 ./libopencm3/lib/libopencm3_stm32f1.a(gpio_common_all.o)
 .group         0x0000000000000000        0x8 ./libopencm3/lib/libopencm3_stm32f1.a(gpio_common_all.o)
 .group         0x0000000000000000        0x8 ./libopencm3/lib/libopencm3_stm32f1.a(gpio_common_all.o)
 .group         0x0000000000000000        0x8 ./libopencm3/lib/libopencm3_stm32f1.a(gpio_common_all.o)
 .group         0x0000000000000000        0x8 ./libopencm3/lib/libopencm3_stm32f1.a(gpio_common_all.o)
 .group         0x0000000000000000        0x8 ./libopencm3/lib/libopencm3_stm32f1.a(gpio_common_all.o)
 .text          0x0000000000000000        0x0 ./libopencm3/lib/libopencm3_stm32f1.a(gpio_common_all.o)
 .data          0x0000000000000000        0x0 ./libopencm3/lib/libopencm3_stm32f1.a(gpio_common_all.o)
 .bss           0x0000000000000000        0x0 ./libopencm3/lib/libopencm3_stm32f1.a(gpio_common_all.o)
 .text.gpio_clear
                0x0000000000000000        0x6 ./libopencm3/lib/libopencm3_stm32f1.a(gpio_common_all.o)
 .text.gpio_get
                0x0000000000000000        0x6 ./libopencm3/lib/libopencm3_stm32f1.a(gpio_common_all.o)
 .text.gpio_toggle
                0x0000000000000000       0x10 ./libopencm3/lib/libopencm3_stm32f1.a(gpio_common_all.o)
 .text.gpio_port_read
                0x0000000000000000        0x6 ./libopencm3/lib/libopencm3_stm32f1.a(gpio_common_all.o)
 .text.gpio_port_write
                0x0000000000000000        0x4 ./libopencm3/lib/libopencm3_stm32f1.a(gpio_common_all.o)
 .text.gpio_port_config_lock
                0x0000000000000000       0x10 ./libopencm3/lib/libopencm3_stm32f1.a(gpio_common_all.o)
 .debug_macro   0x0000000000000000      0x862 ./libopencm3/lib/libopencm3_stm32f1.a(gpio_common_all.o)
 .debug_macro   0x0000000000000000       0x22 ./libopencm3/lib/libopencm3_stm32f1.a(gpio_common_all.o)
 .debug_macro   0x0000000000000000       0x44 ./libopencm3/lib/libopencm3_stm32f1.a(gpio_common_all.o)
 .debug_macro   0x0000000000000000       0xe3 ./libopencm3/lib/libopencm3_stm32f1.a(gpio_common_all.o)
 .debug_macro   0x0000000000000000       0x22 ./libopencm3/lib/libopencm3_stm32f1.a(gpio_common_all.o)
 .debug_macro   0x0000000000000000      0x1df ./libopencm3/lib/libopencm3_stm32f1.a(gpio_common_all.o)
 .debug_macro   0x0000000000000000       0x22 ./libopencm3/lib/libopencm3_stm32f1.a(gpio_common_all.o)
 .debug_macro   0x0000000000000000       0xfa ./libopencm3/lib/libopencm3_stm32f1.a(gpio_common_all.o)
 .debug_macro   0x0000000000000000       0x58 ./libopencm3/lib/libopencm3_stm32f1.a(gpio_common_all.o)
 .debug_macro   0x0000000000000000      0x1b4 ./libopencm3/lib/libopencm3_stm32f1.a(gpio_common_all.o)
 .debug_macro   0x0000000000000000       0x76 ./libopencm3/lib/libopencm3_stm32f1.a(gpio_common_all.o)
 .debug_macro   0x0000000000000000      0xdfd ./libopencm3/lib/libopencm3_stm32f1.a(gpio_common_all.o)
 .group         0x0000000000000000        0x8 ./libopencm3/lib/libopencm3_stm32f1.a(i2c_common_all.o)
 .group         0x0000000000000000        0x8 ./libopencm3/lib/libopencm3_stm32f1.a(i2c_common_all.o)
 .group         0x0000000000000000        0x8 ./libopencm3/lib/libopencm3_stm32f1.a(i2c_common_all.o)
 .group         0x0000000000000000        0x8 ./libopencm3/lib/libopencm3_stm32f1.a(i2c_common_all.o)
 .group         0x0000000000000000        0x8 ./libopencm3/lib/libopencm3_stm32f1.a(i2c_common_all.o)
 .group         0x0000000000000000        0x8 ./libopencm3/lib/libopencm3_stm32f1.a(i2c_common_all.o)
 .group         0x0000000000000000        0x8 ./libopencm3/lib/libopencm3_stm32f1.a(i2c_common_all.o)
 .group         0x0000000000000000        0x8 ./libopencm3/lib/libopencm3_stm32f1.a(i2c_common_all.o)
 .group         0x0000000000000000        0x8 ./libopencm3/lib/libopencm3_stm32f1.a(i2c_common_all.o)
 .group         0x0000000000000000        0x8 ./libopencm3/lib/libopencm3_stm32f1.a(i2c_common_all.o)
 .group         0x0000000000000000        0x8 ./libopencm3/lib/libopencm3_stm32f1.a(i2c_common_all.o)
 .group         0x0000000000000000        0x8 ./libopencm3/lib/libopencm3_stm32f1.a(i2c_common_all.o)
 .text          0x0000000000000000        0x0 ./libopencm3/lib/libopencm3_stm32f1.a(i2c_common_all.o)
 .data          0x0000000000000000        0x0 ./libopencm3/lib/libopencm3_stm32f1.a(i2c_common_all.o)
 .bss           0x0000000000000000        0x0 ./libopencm3/lib/libopencm3_stm32f1.a(i2c_common_all.o)
 .text.i2c_reset
                0x0000000000000000       0x24 ./libopencm3/lib/libopencm3_stm32f1.a(i2c_common_all.o)
 .text.i2c_clear_stop
                0x0000000000000000        0xa ./libopencm3/lib/libopencm3_stm32f1.a(i2c_common_all.o)
 .text.i2c_set_own_7bit_slave_address
                0x0000000000000000        0xa ./libopencm3/lib/libopencm3_stm32f1.a(i2c_common_all.o)
 .text.i2c_set_own_10bit_slave_address
                0x0000000000000000        0x8 ./libopencm3/lib/libopencm3_stm32f1.a(i2c_common_all.o)
 .text.i2c_set_own_7bit_slave_address_two
                0x0000000000000000        0x6 ./libopencm3/lib/libopencm3_stm32f1.a(i2c_common_all.o)
 .text.i2c_enable_dual_addressing_mode
                0x0000000000000000        0xa ./libopencm3/lib/libopencm3_stm32f1.a(i2c_common_all.o)
 .text.i2c_disable_dual_addressing_mode
                0x0000000000000000        0xa ./libopencm3/lib/libopencm3_stm32f1.a(i2c_common_all.o)
 .text.i2c_set_fast_mode
                0x0000000000000000        0xa ./libopencm3/lib/libopencm3_stm32f1.a(i2c_common_all.o)
 .text.i2c_send_7bit_address
                0x0000000000000000        0xa ./libopencm3/lib/libopencm3_stm32f1.a(i2c_common_all.o)
 .text.i2c_disable_interrupt
                0x0000000000000000        0xa ./libopencm3/lib/libopencm3_stm32f1.a(i2c_common_all.o)
 .text.i2c_disable_ack
                0x0000000000000000        0xa ./libopencm3/lib/libopencm3_stm32f1.a(i2c_common_all.o)
 .text.i2c_nack_next
                0x0000000000000000        0xa ./libopencm3/lib/libopencm3_stm32f1.a(i2c_common_all.o)
 .text.i2c_set_dutycycle
                0x0000000000000000       0x12 ./libopencm3/lib/libopencm3_stm32f1.a(i2c_common_all.o)
 .text.i2c_enable_dma
                0x0000000000000000        0xa ./libopencm3/lib/libopencm3_stm32f1.a(i2c_common_all.o)
 .text.i2c_disable_dma
                0x0000000000000000        0xa ./libopencm3/lib/libopencm3_stm32f1.a(i2c_common_all.o)
 .text.i2c_set_dma_last_transfer
                0x0000000000000000        0xa ./libopencm3/lib/libopencm3_stm32f1.a(i2c_common_all.o)
 .text.i2c_clear_dma_last_transfer
                0x0000000000000000        0xa ./libopencm3/lib/libopencm3_stm32f1.a(i2c_common_all.o)
 .debug_macro   0x0000000000000000      0x862 ./libopencm3/lib/libopencm3_stm32f1.a(i2c_common_all.o)
 .debug_macro   0x0000000000000000       0x22 ./libopencm3/lib/libopencm3_stm32f1.a(i2c_common_all.o)
 .debug_macro   0x0000000000000000       0x44 ./libopencm3/lib/libopencm3_stm32f1.a(i2c_common_all.o)
 .debug_macro   0x0000000000000000       0xe3 ./libopencm3/lib/libopencm3_stm32f1.a(i2c_common_all.o)
 .debug_macro   0x0000000000000000       0x22 ./libopencm3/lib/libopencm3_stm32f1.a(i2c_common_all.o)
 .debug_macro   0x0000000000000000      0x1df ./libopencm3/lib/libopencm3_stm32f1.a(i2c_common_all.o)
 .debug_macro   0x0000000000000000       0x22 ./libopencm3/lib/libopencm3_stm32f1.a(i2c_common_all.o)
 .debug_macro   0x0000000000000000       0xfa ./libopencm3/lib/libopencm3_stm32f1.a(i2c_common_all.o)
 .debug_macro   0x0000000000000000       0x58 ./libopencm3/lib/libopencm3_stm32f1.a(i2c_common_all.o)
 .debug_macro   0x0000000000000000      0x1b4 ./libopencm3/lib/libopencm3_stm32f1.a(i2c_common_all.o)
 .debug_macro   0x0000000000000000      0x825 ./libopencm3/lib/libopencm3_stm32f1.a(i2c_common_all.o)
 .group         0x0000000000000000        0x8 ./libopencm3/lib/libopencm3_stm32f1.a(rcc_common_all.o)
 .group         0x0000000000000000        0x8 ./libopencm3/lib/libopencm3_stm32f1.a(rcc_common_all.o)
 .group         0x0000000000000000        0x8 ./libopencm3/lib/libopencm3_stm32f1.a(rcc_common_all.o)
 .group         0x0000000000000000        0x8 ./libopencm3/lib/libopencm3_stm32f1.a(rcc_common_all.o)
 .group         0x0000000000000000        0x8 ./libopencm3/lib/libopencm3_stm32f1.a(rcc_common_all.o)
 .group         0x0000000000000000        0x8 ./libopencm3/lib/libopencm3_stm32f1.a(rcc_common_all.o)
 .group         0x0000000000000000        0x8 ./libopencm3/lib/libopencm3_stm32f1.a(rcc_common_all.o)
 .group         0x0000000000000000        0x8 ./libopencm3/lib/libopencm3_stm32f1.a(rcc_common_all.o)
 .group         0x0000000000000000        0x8 ./libopencm3/lib/libopencm3_stm32f1.a(rcc_common_all.o)
 .group         0x0000000000000000        0x8 ./libopencm3/lib/libopencm3_stm32f1.a(rcc_common_all.o)
 .group         0x0000000000000000        0x8 ./libopencm3/lib/libopencm3_stm32f1.a(rcc_common_all.o)
 .text          0x0000000000000000        0x0 ./libopencm3/lib/libopencm3_stm32f1.a(rcc_common_all.o)
 .data          0x0000000000000000        0x0 ./libopencm3/lib/libopencm3_stm32f1.a(rcc_common_all.o)
 .bss           0x0000000000000000        0x0 ./libopencm3/lib/libopencm3_stm32f1.a(rcc_common_all.o)
 .text.rcc_peripheral_enable_clock
                0x0000000000000000        0x8 ./libopencm3/lib/libopencm3_stm32f1.a(rcc_common_all.o)
 .text.rcc_peripheral_disable_clock
                0x0000000000000000        0xa ./libopencm3/lib/libopencm3_stm32f1.a(rcc_common_all.o)
 .text.rcc_peripheral_reset
                0x0000000000000000        0x8 ./libopencm3/lib/libopencm3_stm32f1.a(rcc_common_all.o)
 .text.rcc_peripheral_clear_reset
                0x0000000000000000        0xa ./libopencm3/lib/libopencm3_stm32f1.a(rcc_common_all.o)
 .text.rcc_periph_clock_disable
                0x0000000000000000       0x1c ./libopencm3/lib/libopencm3_stm32f1.a(rcc_common_all.o)
 .text.rcc_periph_reset_pulse
                0x0000000000000000       0x22 ./libopencm3/lib/libopencm3_stm32f1.a(rcc_common_all.o)
 .text.rcc_periph_reset_hold
                0x0000000000000000       0x1a ./libopencm3/lib/libopencm3_stm32f1.a(rcc_common_all.o)
 .text.rcc_periph_reset_release
                0x0000000000000000       0x1c ./libopencm3/lib/libopencm3_stm32f1.a(rcc_common_all.o)
 .text.rcc_set_mco
                0x0000000000000000       0x14 ./libopencm3/lib/libopencm3_stm32f1.a(rcc_common_all.o)
 .debug_macro   0x0000000000000000      0x862 ./libopencm3/lib/libopencm3_stm32f1.a(rcc_common_all.o)
 .debug_macro   0x0000000000000000       0x22 ./libopencm3/lib/libopencm3_stm32f1.a(rcc_common_all.o)
 .debug_macro   0x0000000000000000       0x44 ./libopencm3/lib/libopencm3_stm32f1.a(rcc_common_all.o)
 .debug_macro   0x0000000000000000       0xe3 ./libopencm3/lib/libopencm3_stm32f1.a(rcc_common_all.o)
 .debug_macro   0x0000000000000000       0x22 ./libopencm3/lib/libopencm3_stm32f1.a(rcc_common_all.o)
 .debug_macro   0x0000000000000000      0x1df ./libopencm3/lib/libopencm3_stm32f1.a(rcc_common_all.o)
 .debug_macro   0x0000000000000000       0x22 ./libopencm3/lib/libopencm3_stm32f1.a(rcc_common_all.o)
 .debug_macro   0x0000000000000000       0xfa ./libopencm3/lib/libopencm3_stm32f1.a(rcc_common_all.o)
 .debug_macro   0x0000000000000000       0x58 ./libopencm3/lib/libopencm3_stm32f1.a(rcc_common_all.o)
 .debug_macro   0x0000000000000000      0x1b4 ./libopencm3/lib/libopencm3_stm32f1.a(rcc_common_all.o)
 .debug_macro   0x0000000000000000      0x825 ./libopencm3/lib/libopencm3_stm32f1.a(rcc_common_all.o)
 .group         0x0000000000000000        0x8 ./libopencm3/lib/libopencm3_stm32f1.a(flash_common_f01.o)
 .group         0x0000000000000000        0x8 ./libopencm3/lib/libopencm3_stm32f1.a(flash_common_f01.o)
 .group         0x0000000000000000        0x8 ./libopencm3/lib/libopencm3_stm32f1.a(flash_common_f01.o)
 .group         0x0000000000000000        0x8 ./libopencm3/lib/libopencm3_stm32f1.a(flash_common_f01.o)
 .group         0x0000000000000000        0x8 ./libopencm3/lib/libopencm3_stm32f1.a(flash_common_f01.o)
 .group         0x0000000000000000        0x8 ./libopencm3/lib/libopencm3_stm32f1.a(flash_common_f01.o)
 .group         0x0000000000000000        0x8 ./libopencm3/lib/libopencm3_stm32f1.a(flash_common_f01.o)
 .group         0x0000000000000000        0x8 ./libopencm3/lib/libopencm3_stm32f1.a(flash_common_f01.o)
 .group         0x0000000000000000        0x8 ./libopencm3/lib/libopencm3_stm32f1.a(flash_common_f01.o)
 .group         0x0000000000000000        0x8 ./libopencm3/lib/libopencm3_stm32f1.a(flash_common_f01.o)
 .group         0x0000000000000000        0x8 ./libopencm3/lib/libopencm3_stm32f1.a(flash_common_f01.o)
 .group         0x0000000000000000        0x8 ./libopencm3/lib/libopencm3_stm32f1.a(flash_common_f01.o)
 .text          0x0000000000000000        0x0 ./libopencm3/lib/libopencm3_stm32f1.a(flash_common_f01.o)
 .data          0x0000000000000000        0x0 ./libopencm3/lib/libopencm3_stm32f1.a(flash_common_f01.o)
 .bss           0x0000000000000000        0x0 ./libopencm3/lib/libopencm3_stm32f1.a(flash_common_f01.o)
 .text.flash_prefetch_buffer_enable
                0x0000000000000000       0x10 ./libopencm3/lib/libopencm3_stm32f1.a(flash_common_f01.o)
 .text.flash_prefetch_buffer_disable
                0x0000000000000000       0x10 ./libopencm3/lib/libopencm3_stm32f1.a(flash_common_f01.o)
 .text.flash_unlock
                0x0000000000000000       0x24 ./libopencm3/lib/libopencm3_stm32f1.a(flash_common_f01.o)
 .text.flash_lock
                0x0000000000000000       0x10 ./libopencm3/lib/libopencm3_stm32f1.a(flash_common_f01.o)
 .text.flash_clear_pgerr_flag
                0x0000000000000000       0x10 ./libopencm3/lib/libopencm3_stm32f1.a(flash_common_f01.o)
 .text.flash_clear_eop_flag
                0x0000000000000000       0x10 ./libopencm3/lib/libopencm3_stm32f1.a(flash_common_f01.o)
 .text.flash_clear_wrprterr_flag
                0x0000000000000000       0x10 ./libopencm3/lib/libopencm3_stm32f1.a(flash_common_f01.o)
 .text.flash_clear_bsy_flag
                0x0000000000000000       0x10 ./libopencm3/lib/libopencm3_stm32f1.a(flash_common_f01.o)
 .text.flash_wait_for_last_operation
                0x0000000000000000        0xc ./libopencm3/lib/libopencm3_stm32f1.a(flash_common_f01.o)
 .text.flash_program_word
                0x0000000000000000       0x18 ./libopencm3/lib/libopencm3_stm32f1.a(flash_common_f01.o)
 .text.flash_unlock_option_bytes
                0x0000000000000000       0x18 ./libopencm3/lib/libopencm3_stm32f1.a(flash_common_f01.o)
 .text.flash_erase_option_bytes
                0x0000000000000000       0x34 ./libopencm3/lib/libopencm3_stm32f1.a(flash_common_f01.o)
 .text.flash_program_option_bytes
                0x0000000000000000       0x34 ./libopencm3/lib/libopencm3_stm32f1.a(flash_common_f01.o)
 .debug_macro   0x0000000000000000      0x862 ./libopencm3/lib/libopencm3_stm32f1.a(flash_common_f01.o)
 .debug_macro   0x0000000000000000       0x22 ./libopencm3/lib/libopencm3_stm32f1.a(flash_common_f01.o)
 .debug_macro   0x0000000000000000       0x44 ./libopencm3/lib/libopencm3_stm32f1.a(flash_common_f01.o)
 .debug_macro   0x0000000000000000       0xe3 ./libopencm3/lib/libopencm3_stm32f1.a(flash_common_f01.o)
 .debug_macro   0x0000000000000000       0x22 ./libopencm3/lib/libopencm3_stm32f1.a(flash_common_f01.o)
 .debug_macro   0x0000000000000000      0x1df ./libopencm3/lib/libopencm3_stm32f1.a(flash_common_f01.o)
 .debug_macro   0x0000000000000000       0x22 ./libopencm3/lib/libopencm3_stm32f1.a(flash_common_f01.o)
 .debug_macro   0x0000000000000000       0xfa ./libopencm3/lib/libopencm3_stm32f1.a(flash_common_f01.o)
 .debug_macro   0x0000000000000000       0x58 ./libopencm3/lib/libopencm3_stm32f1.a(flash_common_f01.o)
 .debug_macro   0x0000000000000000      0x1b4 ./libopencm3/lib/libopencm3_stm32f1.a(flash_common_f01.o)
 .debug_macro   0x0000000000000000       0xdc ./libopencm3/lib/libopencm3_stm32f1.a(flash_common_f01.o)
 .debug_macro   0x0000000000000000       0x82 ./libopencm3/lib/libopencm3_stm32f1.a(flash_common_f01.o)
 .group         0x0000000000000000        0x8 ./libopencm3/lib/libopencm3_stm32f1.a(vector.o)
 .group         0x0000000000000000        0x8 ./libopencm3/lib/libopencm3_stm32f1.a(vector.o)
 .group         0x0000000000000000        0x8 ./libopencm3/lib/libopencm3_stm32f1.a(vector.o)
 .group         0x0000000000000000        0x8 ./libopencm3/lib/libopencm3_stm32f1.a(vector.o)
 .group         0x0000000000000000        0x8 ./libopencm3/lib/libopencm3_stm32f1.a(vector.o)
 .group         0x0000000000000000        0x8 ./libopencm3/lib/libopencm3_stm32f1.a(vector.o)
 .group         0x0000000000000000        0x8 ./libopencm3/lib/libopencm3_stm32f1.a(vector.o)
 .group         0x0000000000000000        0x8 ./libopencm3/lib/libopencm3_stm32f1.a(vector.o)
 .group         0x0000000000000000        0x8 ./libopencm3/lib/libopencm3_stm32f1.a(vector.o)
 .group         0x0000000000000000        0x8 ./libopencm3/lib/libopencm3_stm32f1.a(vector.o)
 .group         0x0000000000000000        0x8 ./libopencm3/lib/libopencm3_stm32f1.a(vector.o)
 .group         0x0000000000000000        0x8 ./libopencm3/lib/libopencm3_stm32f1.a(vector.o)
 .text          0x0000000000000000        0x0 ./libopencm3/lib/libopencm3_stm32f1.a(vector.o)
 .data          0x0000000000000000        0x0 ./libopencm3/lib/libopencm3_stm32f1.a(vector.o)
 .bss           0x0000000000000000        0x0 ./libopencm3/lib/libopencm3_stm32f1.a(vector.o)
 .debug_macro   0x0000000000000000      0x862 ./libopencm3/lib/libopencm3_stm32f1.a(vector.o)
 .debug_macro   0x0000000000000000       0x58 ./libopencm3/lib/libopencm3_stm32f1.a(vector.o)
 .debug_macro   0x0000000000000000       0x22 ./libopencm3/lib/libopencm3_stm32f1.a(vector.o)
 .debug_macro   0x0000000000000000       0x44 ./libopencm3/lib/libopencm3_stm32f1.a(vector.o)
 .debug_macro   0x0000000000000000       0xe3 ./libopencm3/lib/libopencm3_stm32f1.a(vector.o)
 .debug_macro   0x0000000000000000       0x22 ./libopencm3/lib/libopencm3_stm32f1.a(vector.o)
 .debug_macro   0x0000000000000000      0x1df ./libopencm3/lib/libopencm3_stm32f1.a(vector.o)
 .debug_macro   0x0000000000000000       0x22 ./libopencm3/lib/libopencm3_stm32f1.a(vector.o)
 .debug_macro   0x0000000000000000       0xfa ./libopencm3/lib/libopencm3_stm32f1.a(vector.o)
 .group         0x0000000000000000        0x8 ./libopencm3/lib/libopencm3_stm32f1.a(nvic.o)
 .group         0x0000000000000000        0x8 ./libopencm3/lib/libopencm3_stm32f1.a(nvic.o)
 .group         0x0000000000000000        0x8 ./libopencm3/lib/libopencm3_stm32f1.a(nvic.o)
 .group         0x0000000000000000        0x8 ./libopencm3/lib/libopencm3_stm32f1.a(nvic.o)
 .group         0x0000000000000000        0x8 ./libopencm3/lib/libopencm3_stm32f1.a(nvic.o)
 .group         0x0000000000000000        0x8 ./libopencm3/lib/libopencm3_stm32f1.a(nvic.o)
 .group         0x0000000000000000        0x8 ./libopencm3/lib/libopencm3_stm32f1.a(nvic.o)
 .group         0x0000000000000000        0x8 ./libopencm3/lib/libopencm3_stm32f1.a(nvic.o)
 .group         0x0000000000000000        0x8 ./libopencm3/lib/libopencm3_stm32f1.a(nvic.o)
 .group         0x0000000000000000        0x8 ./libopencm3/lib/libopencm3_stm32f1.a(nvic.o)
 .group         0x0000000000000000        0x8 ./libopencm3/lib/libopencm3_stm32f1.a(nvic.o)
 .group         0x0000000000000000        0x8 ./libopencm3/lib/libopencm3_stm32f1.a(nvic.o)
 .text          0x0000000000000000        0x0 ./libopencm3/lib/libopencm3_stm32f1.a(nvic.o)
 .data          0x0000000000000000        0x0 ./libopencm3/lib/libopencm3_stm32f1.a(nvic.o)
 .bss           0x0000000000000000        0x0 ./libopencm3/lib/libopencm3_stm32f1.a(nvic.o)
 .text.nvic_disable_irq
                0x0000000000000000       0x18 ./libopencm3/lib/libopencm3_stm32f1.a(nvic.o)
 .text.nvic_get_pending_irq
                0x0000000000000000       0x20 ./libopencm3/lib/libopencm3_stm32f1.a(nvic.o)
 .text.nvic_set_pending_irq
                0x0000000000000000       0x18 ./libopencm3/lib/libopencm3_stm32f1.a(nvic.o)
 .text.nvic_clear_pending_irq
                0x0000000000000000       0x18 ./libopencm3/lib/libopencm3_stm32f1.a(nvic.o)
 .text.nvic_get_irq_enabled
                0x0000000000000000       0x20 ./libopencm3/lib/libopencm3_stm32f1.a(nvic.o)
 .text.nvic_set_priority
                0x0000000000000000       0x20 ./libopencm3/lib/libopencm3_stm32f1.a(nvic.o)
 .text.nvic_get_active_irq
                0x0000000000000000       0x20 ./libopencm3/lib/libopencm3_stm32f1.a(nvic.o)
 .text.nvic_generate_software_interrupt
                0x0000000000000000       0x14 ./libopencm3/lib/libopencm3_stm32f1.a(nvic.o)
 .debug_macro   0x0000000000000000      0x862 ./libopencm3/lib/libopencm3_stm32f1.a(nvic.o)
 .debug_macro   0x0000000000000000       0x22 ./libopencm3/lib/libopencm3_stm32f1.a(nvic.o)
 .debug_macro   0x0000000000000000       0x44 ./libopencm3/lib/libopencm3_stm32f1.a(nvic.o)
 .debug_macro   0x0000000000000000       0xe3 ./libopencm3/lib/libopencm3_stm32f1.a(nvic.o)
 .debug_macro   0x0000000000000000       0x22 ./libopencm3/lib/libopencm3_stm32f1.a(nvic.o)
 .debug_macro   0x0000000000000000      0x1df ./libopencm3/lib/libopencm3_stm32f1.a(nvic.o)
 .debug_macro   0x0000000000000000       0x22 ./libopencm3/lib/libopencm3_stm32f1.a(nvic.o)
 .debug_macro   0x0000000000000000       0xfa ./libopencm3/lib/libopencm3_stm32f1.a(nvic.o)
 .debug_macro   0x0000000000000000       0x58 ./libopencm3/lib/libopencm3_stm32f1.a(nvic.o)
 .debug_macro   0x0000000000000000      0x1a2 ./libopencm3/lib/libopencm3_stm32f1.a(nvic.o)
 .group         0x0000000000000000        0x8 ./libopencm3/lib/libopencm3_stm32f1.a(assert.o)
 .group         0x0000000000000000        0x8 ./libopencm3/lib/libopencm3_stm32f1.a(assert.o)
 .group         0x0000000000000000        0x8 ./libopencm3/lib/libopencm3_stm32f1.a(assert.o)
 .group         0x0000000000000000        0x8 ./libopencm3/lib/libopencm3_stm32f1.a(assert.o)
 .group         0x0000000000000000        0x8 ./libopencm3/lib/libopencm3_stm32f1.a(assert.o)
 .group         0x0000000000000000        0x8 ./libopencm3/lib/libopencm3_stm32f1.a(assert.o)
 .group         0x0000000000000000        0x8 ./libopencm3/lib/libopencm3_stm32f1.a(assert.o)
 .group         0x0000000000000000        0x8 ./libopencm3/lib/libopencm3_stm32f1.a(assert.o)
 .group         0x0000000000000000        0x8 ./libopencm3/lib/libopencm3_stm32f1.a(assert.o)
 .text          0x0000000000000000        0x0 ./libopencm3/lib/libopencm3_stm32f1.a(assert.o)
 .data          0x0000000000000000        0x0 ./libopencm3/lib/libopencm3_stm32f1.a(assert.o)
 .bss           0x0000000000000000        0x0 ./libopencm3/lib/libopencm3_stm32f1.a(assert.o)
 .text.cm3_assert_failed
                0x0000000000000000        0x2 ./libopencm3/lib/libopencm3_stm32f1.a(assert.o)
 .text.cm3_assert_failed_verbose
                0x0000000000000000        0x6 ./libopencm3/lib/libopencm3_stm32f1.a(assert.o)
 .debug_info    0x0000000000000000       0xee ./libopencm3/lib/libopencm3_stm32f1.a(assert.o)
 .debug_abbrev  0x0000000000000000       0x89 ./libopencm3/lib/libopencm3_stm32f1.a(assert.o)
 .debug_loc     0x0000000000000000       0x84 ./libopencm3/lib/libopencm3_stm32f1.a(assert.o)
 .debug_aranges
                0x0000000000000000       0x28 ./libopencm3/lib/libopencm3_stm32f1.a(assert.o)
 .debug_ranges  0x0000000000000000       0x18 ./libopencm3/lib/libopencm3_stm32f1.a(assert.o)
 .debug_macro   0x0000000000000000       0x7b ./libopencm3/lib/libopencm3_stm32f1.a(assert.o)
 .debug_macro   0x0000000000000000      0x862 ./libopencm3/lib/libopencm3_stm32f1.a(assert.o)
 .debug_macro   0x0000000000000000       0x22 ./libopencm3/lib/libopencm3_stm32f1.a(assert.o)
 .debug_macro   0x0000000000000000       0x44 ./libopencm3/lib/libopencm3_stm32f1.a(assert.o)
 .debug_macro   0x0000000000000000       0xe3 ./libopencm3/lib/libopencm3_stm32f1.a(assert.o)
 .debug_macro   0x0000000000000000       0x22 ./libopencm3/lib/libopencm3_stm32f1.a(assert.o)
 .debug_macro   0x0000000000000000      0x1df ./libopencm3/lib/libopencm3_stm32f1.a(assert.o)
 .debug_macro   0x0000000000000000       0x22 ./libopencm3/lib/libopencm3_stm32f1.a(assert.o)
 .debug_macro   0x0000000000000000       0xfa ./libopencm3/lib/libopencm3_stm32f1.a(assert.o)
 .debug_macro   0x0000000000000000       0x16 ./libopencm3/lib/libopencm3_stm32f1.a(assert.o)
 .debug_line    0x0000000000000000      0x161 ./libopencm3/lib/libopencm3_stm32f1.a(assert.o)
 .debug_str     0x0000000000000000     0x352d ./libopencm3/lib/libopencm3_stm32f1.a(assert.o)
 .comment       0x0000000000000000       0x39 ./libopencm3/lib/libopencm3_stm32f1.a(assert.o)
 .debug_frame   0x0000000000000000       0x38 ./libopencm3/lib/libopencm3_stm32f1.a(assert.o)
 .ARM.attributes
                0x0000000000000000       0x33 ./libopencm3/lib/libopencm3_stm32f1.a(assert.o)
 .group         0x0000000000000000        0x8 ./libopencm3/lib/libopencm3_stm32f1.a(flash.o)
 .group         0x0000000000000000        0x8 ./libopencm3/lib/libopencm3_stm32f1.a(flash.o)
 .group         0x0000000000000000        0x8 ./libopencm3/lib/libopencm3_stm32f1.a(flash.o)
 .group         0x0000000000000000        0x8 ./libopencm3/lib/libopencm3_stm32f1.a(flash.o)
 .group         0x0000000000000000        0x8 ./libopencm3/lib/libopencm3_stm32f1.a(flash.o)
 .group         0x0000000000000000        0x8 ./libopencm3/lib/libopencm3_stm32f1.a(flash.o)
 .group         0x0000000000000000        0x8 ./libopencm3/lib/libopencm3_stm32f1.a(flash.o)
 .group         0x0000000000000000        0x8 ./libopencm3/lib/libopencm3_stm32f1.a(flash.o)
 .group         0x0000000000000000        0x8 ./libopencm3/lib/libopencm3_stm32f1.a(flash.o)
 .group         0x0000000000000000        0x8 ./libopencm3/lib/libopencm3_stm32f1.a(flash.o)
 .group         0x0000000000000000        0x8 ./libopencm3/lib/libopencm3_stm32f1.a(flash.o)
 .group         0x0000000000000000        0x8 ./libopencm3/lib/libopencm3_stm32f1.a(flash.o)
 .text          0x0000000000000000        0x0 ./libopencm3/lib/libopencm3_stm32f1.a(flash.o)
 .data          0x0000000000000000        0x0 ./libopencm3/lib/libopencm3_stm32f1.a(flash.o)
 .bss           0x0000000000000000        0x0 ./libopencm3/lib/libopencm3_stm32f1.a(flash.o)
 .text.flash_halfcycle_enable
                0x0000000000000000       0x10 ./libopencm3/lib/libopencm3_stm32f1.a(flash.o)
 .text.flash_halfcycle_disable
                0x0000000000000000       0x10 ./libopencm3/lib/libopencm3_stm32f1.a(flash.o)
 .text.flash_unlock_upper
                0x0000000000000000       0x34 ./libopencm3/lib/libopencm3_stm32f1.a(flash.o)
 .text.flash_lock_upper
                0x0000000000000000       0x10 ./libopencm3/lib/libopencm3_stm32f1.a(flash.o)
 .text.flash_clear_pgerr_flag_upper
                0x0000000000000000       0x20 ./libopencm3/lib/libopencm3_stm32f1.a(flash.o)
 .text.flash_clear_eop_flag_upper
                0x0000000000000000       0x20 ./libopencm3/lib/libopencm3_stm32f1.a(flash.o)
 .text.flash_clear_wrprterr_flag_upper
                0x0000000000000000       0x20 ./libopencm3/lib/libopencm3_stm32f1.a(flash.o)
 .text.flash_clear_bsy_flag_upper
                0x0000000000000000       0x20 ./libopencm3/lib/libopencm3_stm32f1.a(flash.o)
 .text.flash_clear_status_flags
                0x0000000000000000       0x38 ./libopencm3/lib/libopencm3_stm32f1.a(flash.o)
 .text.flash_get_status_flags
                0x0000000000000000       0x28 ./libopencm3/lib/libopencm3_stm32f1.a(flash.o)
 .text.flash_program_half_word
                0x0000000000000000       0x64 ./libopencm3/lib/libopencm3_stm32f1.a(flash.o)
 .text.flash_erase_page
                0x0000000000000000       0x7c ./libopencm3/lib/libopencm3_stm32f1.a(flash.o)
 .text.flash_erase_all_pages
                0x0000000000000000       0x48 ./libopencm3/lib/libopencm3_stm32f1.a(flash.o)
 .debug_info    0x0000000000000000      0x297 ./libopencm3/lib/libopencm3_stm32f1.a(flash.o)
 .debug_abbrev  0x0000000000000000      0x11a ./libopencm3/lib/libopencm3_stm32f1.a(flash.o)
 .debug_loc     0x0000000000000000       0x9c ./libopencm3/lib/libopencm3_stm32f1.a(flash.o)
 .debug_aranges
                0x0000000000000000       0x80 ./libopencm3/lib/libopencm3_stm32f1.a(flash.o)
 .debug_ranges  0x0000000000000000       0x70 ./libopencm3/lib/libopencm3_stm32f1.a(flash.o)
 .debug_macro   0x0000000000000000       0xba ./libopencm3/lib/libopencm3_stm32f1.a(flash.o)
 .debug_macro   0x0000000000000000      0x862 ./libopencm3/lib/libopencm3_stm32f1.a(flash.o)
 .debug_macro   0x0000000000000000       0x22 ./libopencm3/lib/libopencm3_stm32f1.a(flash.o)
 .debug_macro   0x0000000000000000       0x44 ./libopencm3/lib/libopencm3_stm32f1.a(flash.o)
 .debug_macro   0x0000000000000000       0xe3 ./libopencm3/lib/libopencm3_stm32f1.a(flash.o)
 .debug_macro   0x0000000000000000       0x22 ./libopencm3/lib/libopencm3_stm32f1.a(flash.o)
 .debug_macro   0x0000000000000000      0x1df ./libopencm3/lib/libopencm3_stm32f1.a(flash.o)
 .debug_macro   0x0000000000000000       0x22 ./libopencm3/lib/libopencm3_stm32f1.a(flash.o)
 .debug_macro   0x0000000000000000       0xfa ./libopencm3/lib/libopencm3_stm32f1.a(flash.o)
 .debug_macro   0x0000000000000000       0x58 ./libopencm3/lib/libopencm3_stm32f1.a(flash.o)
 .debug_macro   0x0000000000000000      0x1b4 ./libopencm3/lib/libopencm3_stm32f1.a(flash.o)
 .debug_macro   0x0000000000000000       0xdc ./libopencm3/lib/libopencm3_stm32f1.a(flash.o)
 .debug_macro   0x0000000000000000       0x82 ./libopencm3/lib/libopencm3_stm32f1.a(flash.o)
 .debug_line    0x0000000000000000      0x318 ./libopencm3/lib/libopencm3_stm32f1.a(flash.o)
 .debug_str     0x0000000000000000     0x4a93 ./libopencm3/lib/libopencm3_stm32f1.a(flash.o)
 .comment       0x0000000000000000       0x39 ./libopencm3/lib/libopencm3_stm32f1.a(flash.o)
 .debug_frame   0x0000000000000000      0x10c ./libopencm3/lib/libopencm3_stm32f1.a(flash.o)
 .ARM.attributes
                0x0000000000000000       0x33 ./libopencm3/lib/libopencm3_stm32f1.a(flash.o)

Memory Configuration

Name             Origin             Length             Attributes
rom              0x0000000008000000 0x0000000000010000 xr
ram              0x0000000020000000 0x0000000000005000 xrw
*default*        0x0000000000000000 0xffffffffffffffff

Linker script and memory map

LOAD i2c.o
LOAD i2c_driver.o
LOAD ./libopencm3/lib/libopencm3_stm32f1.a
START GROUP
LOAD /opt/gcc-arm-none-eabi-6-2017-q1-update/bin/../lib/gcc/arm-none-eabi/6.3.1/../../../../arm-none-eabi/lib/thumb/v7-m/libc.a
LOAD /opt/gcc-arm-none-eabi-6-2017-q1-update/bin/../lib/gcc/arm-none-eabi/6.3.1/thumb/v7-m/libgcc.a
LOAD /opt/gcc-arm-none-eabi-6-2017-q1-update/bin/../lib/gcc/arm-none-eabi/6.3.1/../../../../arm-none-eabi/lib/thumb/v7-m/libnosys.a
END GROUP
START GROUP
LOAD /opt/gcc-arm-none-eabi-6-2017-q1-update/bin/../lib/gcc/arm-none-eabi/6.3.1/thumb/v7-m/libgcc.a
LOAD /opt/gcc-arm-none-eabi-6-2017-q1-update/bin/../lib/gcc/arm-none-eabi/6.3.1/../../../../arm-none-eabi/lib/thumb/v7-m/libc.a
END GROUP

.text           0x0000000008000000      0x77c
 *(.vectors)
 .vectors       0x0000000008000000      0x150 ./libopencm3/lib/libopencm3_stm32f1.a(vector.o)
                0x0000000008000000                vector_table
 *(.text*)
 .text.i2c1_ev_isr
                0x0000000008000150       0xf4 i2c.o
                0x0000000008000150                i2c1_ev_isr
 .text.i2c1_er_isr
                0x0000000008000244       0x10 i2c.o
                0x0000000008000244                i2c1_er_isr
 .text.i2c1_setup
                0x0000000008000254       0x78 i2c.o
                0x0000000008000254                i2c1_setup
 .text.i2c1_write
                0x00000000080002cc       0x28 i2c.o
                0x00000000080002cc                i2c1_write
 .text.startup.main
                0x00000000080002f4       0x60 i2c_driver.o
                0x00000000080002f4                main
 .text.gpio_set_mode
                0x0000000008000354       0x64 ./libopencm3/lib/libopencm3_stm32f1.a(gpio.o)
                0x0000000008000354                gpio_set_mode
 .text.rcc_osc_on.part.1
                0x00000000080003b8       0x10 ./libopencm3/lib/libopencm3_stm32f1.a(rcc.o)
 .text.rcc_is_osc_ready
                0x00000000080003c8       0x5c ./libopencm3/lib/libopencm3_stm32f1.a(rcc.o)
                0x00000000080003c8                rcc_is_osc_ready
 .text.rcc_wait_for_osc_ready
                0x0000000008000424       0x10 ./libopencm3/lib/libopencm3_stm32f1.a(rcc.o)
                0x0000000008000424                rcc_wait_for_osc_ready
 .text.rcc_osc_on
                0x0000000008000434       0x54 ./libopencm3/lib/libopencm3_stm32f1.a(rcc.o)
                0x0000000008000434                rcc_osc_on
 .text.rcc_set_sysclk_source
                0x0000000008000488       0x14 ./libopencm3/lib/libopencm3_stm32f1.a(rcc.o)
                0x0000000008000488                rcc_set_sysclk_source
 .text.rcc_set_pll_multiplication_factor
                0x000000000800049c       0x14 ./libopencm3/lib/libopencm3_stm32f1.a(rcc.o)
                0x000000000800049c                rcc_set_pll_multiplication_factor
 .text.rcc_set_pll2_multiplication_factor
                0x00000000080004b0       0x14 ./libopencm3/lib/libopencm3_stm32f1.a(rcc.o)
                0x00000000080004b0                rcc_set_pll2_multiplication_factor
 .text.rcc_set_pll_source
                0x00000000080004c4       0x14 ./libopencm3/lib/libopencm3_stm32f1.a(rcc.o)
                0x00000000080004c4                rcc_set_pll_source
 .text.rcc_set_pllxtpre
                0x00000000080004d8       0x14 ./libopencm3/lib/libopencm3_stm32f1.a(rcc.o)
                0x00000000080004d8                rcc_set_pllxtpre
 .text.rcc_set_adcpre
                0x00000000080004ec       0x14 ./libopencm3/lib/libopencm3_stm32f1.a(rcc.o)
                0x00000000080004ec                rcc_set_adcpre
 .text.rcc_set_ppre2
                0x0000000008000500       0x14 ./libopencm3/lib/libopencm3_stm32f1.a(rcc.o)
                0x0000000008000500                rcc_set_ppre2
 .text.rcc_set_ppre1
                0x0000000008000514       0x14 ./libopencm3/lib/libopencm3_stm32f1.a(rcc.o)
                0x0000000008000514                rcc_set_ppre1
 .text.rcc_set_hpre
                0x0000000008000528       0x14 ./libopencm3/lib/libopencm3_stm32f1.a(rcc.o)
                0x0000000008000528                rcc_set_hpre
 .text.rcc_set_usbpre
                0x000000000800053c       0x18 ./libopencm3/lib/libopencm3_stm32f1.a(rcc.o)
                0x000000000800053c                rcc_set_usbpre
 .text.rcc_set_prediv1
                0x0000000008000554       0x14 ./libopencm3/lib/libopencm3_stm32f1.a(rcc.o)
                0x0000000008000554                rcc_set_prediv1
 .text.rcc_set_prediv2
                0x0000000008000568       0x14 ./libopencm3/lib/libopencm3_stm32f1.a(rcc.o)
                0x0000000008000568                rcc_set_prediv2
 .text.rcc_clock_setup_in_hse_25mhz_out_72mhz
                0x000000000800057c       0xac ./libopencm3/lib/libopencm3_stm32f1.a(rcc.o)
                0x000000000800057c                rcc_clock_setup_in_hse_25mhz_out_72mhz
 .text.gpio_set
                0x0000000008000628        0x4 ./libopencm3/lib/libopencm3_stm32f1.a(gpio_common_all.o)
                0x0000000008000628                gpio_set
 .text.i2c_peripheral_enable
                0x000000000800062c        0xa ./libopencm3/lib/libopencm3_stm32f1.a(i2c_common_all.o)
                0x000000000800062c                i2c_peripheral_enable
 .text.i2c_peripheral_disable
                0x0000000008000636        0xa ./libopencm3/lib/libopencm3_stm32f1.a(i2c_common_all.o)
                0x0000000008000636                i2c_peripheral_disable
 .text.i2c_send_start
                0x0000000008000640        0xa ./libopencm3/lib/libopencm3_stm32f1.a(i2c_common_all.o)
                0x0000000008000640                i2c_send_start
 .text.i2c_send_stop
                0x000000000800064a        0xa ./libopencm3/lib/libopencm3_stm32f1.a(i2c_common_all.o)
                0x000000000800064a                i2c_send_stop
 .text.i2c_set_clock_frequency
                0x0000000008000654        0xe ./libopencm3/lib/libopencm3_stm32f1.a(i2c_common_all.o)
                0x0000000008000654                i2c_set_clock_frequency
 .text.i2c_send_data
                0x0000000008000662        0x4 ./libopencm3/lib/libopencm3_stm32f1.a(i2c_common_all.o)
                0x0000000008000662                i2c_send_data
 .text.i2c_set_standard_mode
                0x0000000008000666        0xa ./libopencm3/lib/libopencm3_stm32f1.a(i2c_common_all.o)
                0x0000000008000666                i2c_set_standard_mode
 .text.i2c_set_ccr
                0x0000000008000670        0xc ./libopencm3/lib/libopencm3_stm32f1.a(i2c_common_all.o)
                0x0000000008000670                i2c_set_ccr
 .text.i2c_set_trise
                0x000000000800067c        0x4 ./libopencm3/lib/libopencm3_stm32f1.a(i2c_common_all.o)
                0x000000000800067c                i2c_set_trise
 .text.i2c_get_data
                0x0000000008000680        0x6 ./libopencm3/lib/libopencm3_stm32f1.a(i2c_common_all.o)
                0x0000000008000680                i2c_get_data
 .text.i2c_enable_interrupt
                0x0000000008000686        0x8 ./libopencm3/lib/libopencm3_stm32f1.a(i2c_common_all.o)
                0x0000000008000686                i2c_enable_interrupt
 .text.i2c_enable_ack
                0x000000000800068e        0xa ./libopencm3/lib/libopencm3_stm32f1.a(i2c_common_all.o)
                0x000000000800068e                i2c_enable_ack
 .text.i2c_nack_current
                0x0000000008000698        0xa ./libopencm3/lib/libopencm3_stm32f1.a(i2c_common_all.o)
                0x0000000008000698                i2c_nack_current
 .text.rcc_periph_clock_enable
                0x00000000080006a2       0x1a ./libopencm3/lib/libopencm3_stm32f1.a(rcc_common_all.o)
                0x00000000080006a2                rcc_periph_clock_enable
 .text.flash_set_ws
                0x00000000080006bc       0x14 ./libopencm3/lib/libopencm3_stm32f1.a(flash_common_f01.o)
                0x00000000080006bc                flash_set_ws
 .text.blocking_handler
                0x00000000080006d0        0x2 ./libopencm3/lib/libopencm3_stm32f1.a(vector.o)
                0x00000000080006d0                usart3_isr
                0x00000000080006d0                rtc_isr
                0x00000000080006d0                tim7_isr
                0x00000000080006d0                adc1_2_isr
                0x00000000080006d0                tim1_trg_com_isr
                0x00000000080006d0                usb_hp_can_tx_isr
                0x00000000080006d0                tim6_isr
                0x00000000080006d0                usb_wakeup_isr
                0x00000000080006d0                blocking_handler
                0x00000000080006d0                tim5_isr
                0x00000000080006d0                otg_fs_isr
                0x00000000080006d0                spi1_isr
                0x00000000080006d0                dma1_channel6_isr
                0x00000000080006d0                exti2_isr
                0x00000000080006d0                can_rx1_isr
                0x00000000080006d0                dma1_channel5_isr
                0x00000000080006d0                dma2_channel5_isr
                0x00000000080006d0                usart1_isr
                0x00000000080006d0                usage_fault_handler
                0x00000000080006d0                tim8_trg_com_isr
                0x00000000080006d0                can2_rx0_isr
                0x00000000080006d0                tim1_brk_isr
                0x00000000080006d0                can2_rx1_isr
                0x00000000080006d0                tim1_cc_isr
                0x00000000080006d0                sdio_isr
                0x00000000080006d0                eth_isr
                0x00000000080006d0                dma1_channel4_isr
                0x00000000080006d0                tim8_brk_isr
                0x00000000080006d0                dma2_channel4_5_isr
                0x00000000080006d0                pvd_isr
                0x00000000080006d0                rcc_isr
                0x00000000080006d0                flash_isr
                0x00000000080006d0                uart4_isr
                0x00000000080006d0                rtc_alarm_isr
                0x00000000080006d0                exti15_10_isr
                0x00000000080006d0                hard_fault_handler
                0x00000000080006d0                exti1_isr
                0x00000000080006d0                dma2_channel1_isr
                0x00000000080006d0                spi2_isr
                0x00000000080006d0                tim8_up_isr
                0x00000000080006d0                dma2_channel2_isr
                0x00000000080006d0                adc3_isr
                0x00000000080006d0                exti3_isr
                0x00000000080006d0                tim3_isr
                0x00000000080006d0                usart2_isr
                0x00000000080006d0                usb_lp_can_rx0_isr
                0x00000000080006d0                i2c2_er_isr
                0x00000000080006d0                i2c2_ev_isr
                0x00000000080006d0                uart5_isr
                0x00000000080006d0                fsmc_isr
                0x00000000080006d0                dma1_channel1_isr
                0x00000000080006d0                exti4_isr
                0x00000000080006d0                mem_manage_handler
                0x00000000080006d0                can2_tx_isr
                0x00000000080006d0                exti9_5_isr
                0x00000000080006d0                dma2_channel3_isr
                0x00000000080006d0                dma1_channel7_isr
                0x00000000080006d0                tim1_up_isr
                0x00000000080006d0                can2_sce_isr
                0x00000000080006d0                tim4_isr
                0x00000000080006d0                dma1_channel2_isr
                0x00000000080006d0                can_sce_isr
                0x00000000080006d0                tim8_cc_isr
                0x00000000080006d0                tamper_isr
                0x00000000080006d0                eth_wkup_isr
                0x00000000080006d0                bus_fault_handler
                0x00000000080006d0                wwdg_isr
                0x00000000080006d0                dma1_channel3_isr
                0x00000000080006d0                spi3_isr
                0x00000000080006d0                tim2_isr
                0x00000000080006d0                exti0_isr
 .text.null_handler
                0x00000000080006d2        0x2 ./libopencm3/lib/libopencm3_stm32f1.a(vector.o)
                0x00000000080006d2                null_handler
                0x00000000080006d2                sv_call_handler
                0x00000000080006d2                pend_sv_handler
                0x00000000080006d2                debug_monitor_handler
                0x00000000080006d2                sys_tick_handler
                0x00000000080006d2                nmi_handler
 .text.reset_handler
                0x00000000080006d4       0x90 ./libopencm3/lib/libopencm3_stm32f1.a(vector.o)
                0x00000000080006d4                reset_handler
 .text.nvic_enable_irq
                0x0000000008000764       0x18 ./libopencm3/lib/libopencm3_stm32f1.a(nvic.o)
                0x0000000008000764                nvic_enable_irq
                0x000000000800077c                . = ALIGN (0x4)
 *(.rodata*)
                0x000000000800077c                . = ALIGN (0x4)

.glue_7         0x000000000800077c        0x0
 .glue_7        0x000000000800077c        0x0 linker stubs

.glue_7t        0x000000000800077c        0x0
 .glue_7t       0x000000000800077c        0x0 linker stubs

.vfp11_veneer   0x000000000800077c        0x0
 .vfp11_veneer  0x000000000800077c        0x0 linker stubs

.v4_bx          0x000000000800077c        0x0
 .v4_bx         0x000000000800077c        0x0 linker stubs

.iplt           0x000000000800077c        0x0
 .iplt          0x000000000800077c        0x0 i2c.o

.rel.dyn        0x000000000800077c        0x0
 .rel.iplt      0x000000000800077c        0x0 i2c.o

.preinit_array  0x000000000800077c        0x0
                0x000000000800077c                . = ALIGN (0x4)
                0x000000000800077c                __preinit_array_start = .
 *(.preinit_array)
                0x000000000800077c                __preinit_array_end = .

.init_array     0x000000000800077c        0x0
                0x000000000800077c                . = ALIGN (0x4)
                0x000000000800077c                __init_array_start = .
 *(SORT(.init_array.*))
 *(.init_array)
                0x000000000800077c                __init_array_end = .

.fini_array     0x000000000800077c        0x0
                0x000000000800077c                . = ALIGN (0x4)
                0x000000000800077c                __fini_array_start = .
 *(.fini_array)
 *(SORT(.fini_array.*))
                0x000000000800077c                __fini_array_end = .

.ARM.extab
 *(.ARM.extab*)

.ARM.exidx      0x000000000800077c        0x0
                0x000000000800077c                __exidx_start = .
 *(.ARM.exidx*)
                0x000000000800077c                __exidx_end = .
                0x000000000800077c                . = ALIGN (0x4)
                0x000000000800077c                _etext = .

.data           0x0000000020000000        0xc load address 0x000000000800077c
                0x0000000020000000                _data = .
 *(.data*)
 .data.rcc_ahb_frequency
                0x0000000020000000        0x4 ./libopencm3/lib/libopencm3_stm32f1.a(rcc.o)
                0x0000000020000000                rcc_ahb_frequency
 .data.rcc_apb1_frequency
                0x0000000020000004        0x4 ./libopencm3/lib/libopencm3_stm32f1.a(rcc.o)
                0x0000000020000004                rcc_apb1_frequency
 .data.rcc_apb2_frequency
                0x0000000020000008        0x4 ./libopencm3/lib/libopencm3_stm32f1.a(rcc.o)
                0x0000000020000008                rcc_apb2_frequency
                0x000000002000000c                . = ALIGN (0x4)
                0x000000002000000c                _edata = .
                0x000000000800077c                _data_loadaddr = LOADADDR (.data)

.igot.plt       0x000000002000000c        0x0 load address 0x0000000008000788
 .igot.plt      0x000000002000000c        0x0 i2c.o

.bss            0x000000002000000c       0x18 load address 0x0000000008000788
 *(.bss*)
 .bss.i2c       0x000000002000000c        0xc i2c.o
                0x000000002000000c                i2c
 .bss.led_driver
                0x0000000020000018        0xa i2c_driver.o
                0x0000000020000018                led_driver
 *(COMMON)
                0x0000000020000024                . = ALIGN (0x4)
 *fill*         0x0000000020000022        0x2 
                0x0000000020000024                _ebss = .

/DISCARD/
 *(.eh_frame)
                0x0000000020000024                . = ALIGN (0x4)
                0x0000000020000024                end = .
                0x0000000020005000                PROVIDE (_stack, (ORIGIN (ram) + LENGTH (ram)))
OUTPUT(i2c_driver.elf elf32-littlearm)

.debug_info     0x0000000000000000     0x33e1
 .debug_info    0x0000000000000000      0x6bd i2c.o
 .debug_info    0x00000000000006bd      0x406 i2c_driver.o
 .debug_info    0x0000000000000ac3      0x1df ./libopencm3/lib/libopencm3_stm32f1.a(gpio.o)
 .debug_info    0x0000000000000ca2     0x1147 ./libopencm3/lib/libopencm3_stm32f1.a(rcc.o)
 .debug_info    0x0000000000001de9      0x22c ./libopencm3/lib/libopencm3_stm32f1.a(gpio_common_all.o)
 .debug_info    0x0000000000002015      0x75f ./libopencm3/lib/libopencm3_stm32f1.a(i2c_common_all.o)
 .debug_info    0x0000000000002774      0x53a ./libopencm3/lib/libopencm3_stm32f1.a(rcc_common_all.o)
 .debug_info    0x0000000000002cae      0x27f ./libopencm3/lib/libopencm3_stm32f1.a(flash_common_f01.o)
 .debug_info    0x0000000000002f2d      0x2a0 ./libopencm3/lib/libopencm3_stm32f1.a(vector.o)
 .debug_info    0x00000000000031cd      0x214 ./libopencm3/lib/libopencm3_stm32f1.a(nvic.o)

.debug_abbrev   0x0000000000000000      0xbda
 .debug_abbrev  0x0000000000000000      0x153 i2c.o
 .debug_abbrev  0x0000000000000153      0x13e i2c_driver.o
 .debug_abbrev  0x0000000000000291       0xb7 ./libopencm3/lib/libopencm3_stm32f1.a(gpio.o)
 .debug_abbrev  0x0000000000000348      0x291 ./libopencm3/lib/libopencm3_stm32f1.a(rcc.o)
 .debug_abbrev  0x00000000000005d9      0x10e ./libopencm3/lib/libopencm3_stm32f1.a(gpio_common_all.o)
 .debug_abbrev  0x00000000000006e7      0x16d ./libopencm3/lib/libopencm3_stm32f1.a(i2c_common_all.o)
 .debug_abbrev  0x0000000000000854       0xc1 ./libopencm3/lib/libopencm3_stm32f1.a(rcc_common_all.o)
 .debug_abbrev  0x0000000000000915       0xe7 ./libopencm3/lib/libopencm3_stm32f1.a(flash_common_f01.o)
 .debug_abbrev  0x00000000000009fc      0x138 ./libopencm3/lib/libopencm3_stm32f1.a(vector.o)
 .debug_abbrev  0x0000000000000b34       0xa6 ./libopencm3/lib/libopencm3_stm32f1.a(nvic.o)

.debug_loc      0x0000000000000000      0xd2e
 .debug_loc     0x0000000000000000      0x126 i2c.o
 .debug_loc     0x0000000000000126      0x19f ./libopencm3/lib/libopencm3_stm32f1.a(gpio.o)
 .debug_loc     0x00000000000002c5      0x3f2 ./libopencm3/lib/libopencm3_stm32f1.a(rcc.o)
 .debug_loc     0x00000000000006b7       0x84 ./libopencm3/lib/libopencm3_stm32f1.a(gpio_common_all.o)
 .debug_loc     0x000000000000073b      0x201 ./libopencm3/lib/libopencm3_stm32f1.a(i2c_common_all.o)
 .debug_loc     0x000000000000093c      0x14a ./libopencm3/lib/libopencm3_stm32f1.a(rcc_common_all.o)
 .debug_loc     0x0000000000000a86       0xd3 ./libopencm3/lib/libopencm3_stm32f1.a(flash_common_f01.o)
 .debug_loc     0x0000000000000b59       0xac ./libopencm3/lib/libopencm3_stm32f1.a(vector.o)
 .debug_loc     0x0000000000000c05      0x129 ./libopencm3/lib/libopencm3_stm32f1.a(nvic.o)

.debug_aranges  0x0000000000000000      0x4d8
 .debug_aranges
                0x0000000000000000       0x40 i2c.o
 .debug_aranges
                0x0000000000000040       0x20 i2c_driver.o
 .debug_aranges
                0x0000000000000060       0x38 ./libopencm3/lib/libopencm3_stm32f1.a(gpio.o)
 .debug_aranges
                0x0000000000000098      0x168 ./libopencm3/lib/libopencm3_stm32f1.a(rcc.o)
 .debug_aranges
                0x0000000000000200       0x50 ./libopencm3/lib/libopencm3_stm32f1.a(gpio_common_all.o)
 .debug_aranges
                0x0000000000000250      0x108 ./libopencm3/lib/libopencm3_stm32f1.a(i2c_common_all.o)
 .debug_aranges
                0x0000000000000358       0x68 ./libopencm3/lib/libopencm3_stm32f1.a(rcc_common_all.o)
 .debug_aranges
                0x00000000000003c0       0x88 ./libopencm3/lib/libopencm3_stm32f1.a(flash_common_f01.o)
 .debug_aranges
                0x0000000000000448       0x30 ./libopencm3/lib/libopencm3_stm32f1.a(vector.o)
 .debug_aranges
                0x0000000000000478       0x60 ./libopencm3/lib/libopencm3_stm32f1.a(nvic.o)

.debug_ranges   0x0000000000000000      0x4b0
 .debug_ranges  0x0000000000000000       0x30 i2c.o
 .debug_ranges  0x0000000000000030       0x28 i2c_driver.o
 .debug_ranges  0x0000000000000058       0x28 ./libopencm3/lib/libopencm3_stm32f1.a(gpio.o)
 .debug_ranges  0x0000000000000080      0x1b8 ./libopencm3/lib/libopencm3_stm32f1.a(rcc.o)
 .debug_ranges  0x0000000000000238       0x40 ./libopencm3/lib/libopencm3_stm32f1.a(gpio_common_all.o)
 .debug_ranges  0x0000000000000278       0xf8 ./libopencm3/lib/libopencm3_stm32f1.a(i2c_common_all.o)
 .debug_ranges  0x0000000000000370       0x58 ./libopencm3/lib/libopencm3_stm32f1.a(rcc_common_all.o)
 .debug_ranges  0x00000000000003c8       0x78 ./libopencm3/lib/libopencm3_stm32f1.a(flash_common_f01.o)
 .debug_ranges  0x0000000000000440       0x20 ./libopencm3/lib/libopencm3_stm32f1.a(vector.o)
 .debug_ranges  0x0000000000000460       0x50 ./libopencm3/lib/libopencm3_stm32f1.a(nvic.o)

.debug_line     0x0000000000000000     0x1d4a
 .debug_line    0x0000000000000000      0x249 i2c.o
 .debug_line    0x0000000000000249      0x187 i2c_driver.o
 .debug_line    0x00000000000003d0      0x247 ./libopencm3/lib/libopencm3_stm32f1.a(gpio.o)
 .debug_line    0x0000000000000617      0x5fa ./libopencm3/lib/libopencm3_stm32f1.a(rcc.o)
 .debug_line    0x0000000000000c11      0x280 ./libopencm3/lib/libopencm3_stm32f1.a(gpio_common_all.o)
 .debug_line    0x0000000000000e91      0x428 ./libopencm3/lib/libopencm3_stm32f1.a(i2c_common_all.o)
 .debug_line    0x00000000000012b9      0x2a5 ./libopencm3/lib/libopencm3_stm32f1.a(rcc_common_all.o)
 .debug_line    0x000000000000155e      0x30b ./libopencm3/lib/libopencm3_stm32f1.a(flash_common_f01.o)
 .debug_line    0x0000000000001869      0x291 ./libopencm3/lib/libopencm3_stm32f1.a(vector.o)
 .debug_line    0x0000000000001afa      0x250 ./libopencm3/lib/libopencm3_stm32f1.a(nvic.o)

.debug_str      0x0000000000000000     0xee9e
 .debug_str     0x0000000000000000      0x4f0 i2c.o
                                        0x592 (size before relaxing)
 .debug_str     0x00000000000004f0       0x7f i2c_driver.o
                                        0x4bf (size before relaxing)
 .debug_str     0x000000000000056f     0x77c2 ./libopencm3/lib/libopencm3_stm32f1.a(gpio.o)
                                       0x795f (size before relaxing)
 .debug_str     0x0000000000007d31     0x3001 ./libopencm3/lib/libopencm3_stm32f1.a(rcc.o)
                                       0x71b6 (size before relaxing)
 .debug_str     0x000000000000ad32       0x71 ./libopencm3/lib/libopencm3_stm32f1.a(gpio_common_all.o)
                                       0x7953 (size before relaxing)
 .debug_str     0x000000000000ada3      0xf71 ./libopencm3/lib/libopencm3_stm32f1.a(i2c_common_all.o)
                                       0x7569 (size before relaxing)
 .debug_str     0x000000000000bd14      0x13b ./libopencm3/lib/libopencm3_stm32f1.a(rcc_common_all.o)
                                       0x6a65 (size before relaxing)
 .debug_str     0x000000000000be4f      0x179 ./libopencm3/lib/libopencm3_stm32f1.a(flash_common_f01.o)
                                       0x4a06 (size before relaxing)
 .debug_str     0x000000000000bfc8     0x24f6 ./libopencm3/lib/libopencm3_stm32f1.a(vector.o)
                                       0x5ab1 (size before relaxing)
 .debug_str     0x000000000000e4be      0x9e0 ./libopencm3/lib/libopencm3_stm32f1.a(nvic.o)
                                       0x47bc (size before relaxing)

.comment        0x0000000000000000       0xb7
 .comment       0x0000000000000000       0x7f i2c.o
                                         0x80 (size before relaxing)
 .comment       0x000000000000007f       0x80 i2c_driver.o
 .comment       0x000000000000007f       0x38 ./libopencm3/lib/libopencm3_stm32f1.a(gpio.o)
                                         0x39 (size before relaxing)
 .comment       0x00000000000000b7       0x39 ./libopencm3/lib/libopencm3_stm32f1.a(rcc.o)
 .comment       0x00000000000000b7       0x39 ./libopencm3/lib/libopencm3_stm32f1.a(gpio_common_all.o)
 .comment       0x00000000000000b7       0x39 ./libopencm3/lib/libopencm3_stm32f1.a(i2c_common_all.o)
 .comment       0x00000000000000b7       0x39 ./libopencm3/lib/libopencm3_stm32f1.a(rcc_common_all.o)
 .comment       0x00000000000000b7       0x39 ./libopencm3/lib/libopencm3_stm32f1.a(flash_common_f01.o)
 .comment       0x00000000000000b7       0x39 ./libopencm3/lib/libopencm3_stm32f1.a(vector.o)
 .comment       0x00000000000000b7       0x39 ./libopencm3/lib/libopencm3_stm32f1.a(nvic.o)

.ARM.attributes
                0x0000000000000000       0x33
 .ARM.attributes
                0x0000000000000000       0x33 i2c.o
 .ARM.attributes
                0x0000000000000033       0x33 i2c_driver.o
 .ARM.attributes
                0x0000000000000066       0x33 ./libopencm3/lib/libopencm3_stm32f1.a(gpio.o)
 .ARM.attributes
                0x0000000000000099       0x33 ./libopencm3/lib/libopencm3_stm32f1.a(rcc.o)
 .ARM.attributes
                0x00000000000000cc       0x33 ./libopencm3/lib/libopencm3_stm32f1.a(gpio_common_all.o)
 .ARM.attributes
                0x00000000000000ff       0x33 ./libopencm3/lib/libopencm3_stm32f1.a(i2c_common_all.o)
 .ARM.attributes
                0x0000000000000132       0x33 ./libopencm3/lib/libopencm3_stm32f1.a(rcc_common_all.o)
 .ARM.attributes
                0x0000000000000165       0x33 ./libopencm3/lib/libopencm3_stm32f1.a(flash_common_f01.o)
 .ARM.attributes
                0x0000000000000198       0x33 ./libopencm3/lib/libopencm3_stm32f1.a(vector.o)
 .ARM.attributes
                0x00000000000001cb       0x33 ./libopencm3/lib/libopencm3_stm32f1.a(nvic.o)

.debug_frame    0x0000000000000000      0x960
 .debug_frame   0x0000000000000000       0xb8 i2c.o
 .debug_frame   0x00000000000000b8       0x28 i2c_driver.o
 .debug_frame   0x00000000000000e0       0x60 ./libopencm3/lib/libopencm3_stm32f1.a(gpio.o)
 .debug_frame   0x0000000000000140      0x300 ./libopencm3/lib/libopencm3_stm32f1.a(rcc.o)
 .debug_frame   0x0000000000000440       0x80 ./libopencm3/lib/libopencm3_stm32f1.a(gpio_common_all.o)
 .debug_frame   0x00000000000004c0      0x1f0 ./libopencm3/lib/libopencm3_stm32f1.a(i2c_common_all.o)
 .debug_frame   0x00000000000006b0       0xb0 ./libopencm3/lib/libopencm3_stm32f1.a(rcc_common_all.o)
 .debug_frame   0x0000000000000760      0x120 ./libopencm3/lib/libopencm3_stm32f1.a(flash_common_f01.o)
 .debug_frame   0x0000000000000880       0x40 ./libopencm3/lib/libopencm3_stm32f1.a(vector.o)
 .debug_frame   0x00000000000008c0       0xa0 ./libopencm3/lib/libopencm3_stm32f1.a(nvic.o)

.debug_macro    0x0000000000000000     0x377f
 .debug_macro   0x0000000000000000       0xaa ./libopencm3/lib/libopencm3_stm32f1.a(gpio.o)
 .debug_macro   0x00000000000000aa      0x862 ./libopencm3/lib/libopencm3_stm32f1.a(gpio.o)
 .debug_macro   0x000000000000090c       0x22 ./libopencm3/lib/libopencm3_stm32f1.a(gpio.o)
 .debug_macro   0x000000000000092e       0x44 ./libopencm3/lib/libopencm3_stm32f1.a(gpio.o)
 .debug_macro   0x0000000000000972       0xe3 ./libopencm3/lib/libopencm3_stm32f1.a(gpio.o)
 .debug_macro   0x0000000000000a55       0x22 ./libopencm3/lib/libopencm3_stm32f1.a(gpio.o)
 .debug_macro   0x0000000000000a77      0x1df ./libopencm3/lib/libopencm3_stm32f1.a(gpio.o)
 .debug_macro   0x0000000000000c56       0x22 ./libopencm3/lib/libopencm3_stm32f1.a(gpio.o)
 .debug_macro   0x0000000000000c78       0xfa ./libopencm3/lib/libopencm3_stm32f1.a(gpio.o)
 .debug_macro   0x0000000000000d72       0x58 ./libopencm3/lib/libopencm3_stm32f1.a(gpio.o)
 .debug_macro   0x0000000000000dca      0x1b4 ./libopencm3/lib/libopencm3_stm32f1.a(gpio.o)
 .debug_macro   0x0000000000000f7e       0x76 ./libopencm3/lib/libopencm3_stm32f1.a(gpio.o)
 .debug_macro   0x0000000000000ff4      0xdfd ./libopencm3/lib/libopencm3_stm32f1.a(gpio.o)
 .debug_macro   0x0000000000001df1       0xd1 ./libopencm3/lib/libopencm3_stm32f1.a(rcc.o)
 .debug_macro   0x0000000000001ec2       0x16 ./libopencm3/lib/libopencm3_stm32f1.a(rcc.o)
 .debug_macro   0x0000000000001ed8      0x825 ./libopencm3/lib/libopencm3_stm32f1.a(rcc.o)
 .debug_macro   0x00000000000026fd       0xdc ./libopencm3/lib/libopencm3_stm32f1.a(rcc.o)
 .debug_macro   0x00000000000027d9       0x82 ./libopencm3/lib/libopencm3_stm32f1.a(rcc.o)
 .debug_macro   0x000000000000285b       0xaa ./libopencm3/lib/libopencm3_stm32f1.a(gpio_common_all.o)
 .debug_macro   0x0000000000002905       0xbd ./libopencm3/lib/libopencm3_stm32f1.a(i2c_common_all.o)
 .debug_macro   0x00000000000029c2      0x32c ./libopencm3/lib/libopencm3_stm32f1.a(i2c_common_all.o)
 .debug_macro   0x0000000000002cee       0xc0 ./libopencm3/lib/libopencm3_stm32f1.a(rcc_common_all.o)
 .debug_macro   0x0000000000002dae       0xaa ./libopencm3/lib/libopencm3_stm32f1.a(flash_common_f01.o)
 .debug_macro   0x0000000000002e58       0xc1 ./libopencm3/lib/libopencm3_stm32f1.a(vector.o)
 .debug_macro   0x0000000000002f19      0x3a1 ./libopencm3/lib/libopencm3_stm32f1.a(vector.o)
 .debug_macro   0x00000000000032ba       0x6a ./libopencm3/lib/libopencm3_stm32f1.a(vector.o)
 .debug_macro   0x0000000000003324      0x1a2 ./libopencm3/lib/libopencm3_stm32f1.a(vector.o)
 .debug_macro   0x00000000000034c6       0xa5 ./libopencm3/lib/libopencm3_stm32f1.a(nvic.o)
 .debug_macro   0x000000000000356b       0x64 ./libopencm3/lib/libopencm3_stm32f1.a(nvic.o)
 .debug_macro   0x00000000000035cf      0x1b0 ./libopencm3/lib/libopencm3_stm32f1.a(nvic.o)
